Microchip Technology Inc, v2.00 (B)

Tool Name:
  c:\program files\microchip\xc16\v2.00\bin\bin\..\bin/elf-ld.exe

Command:
  -p33FJ32MC202 \
  --mdfp=C:/Program Files/Microchip/MPLABX/v6.05/packs/Microchip/dsPIC33F-GP-MC_DFP/1.3.64/xc16 \
  -o \
  dist/default/debug/Ejemplo7_Attribute.X.debug.elf \
  -Lc:/program files/microchip/xc16/v2.00/bin/bin/.. \
  -LC:/Program Files/Microchip/MPLABX/v6.05/packs/Microchip/dsPIC33F-GP-MC_DFP/1.3.64/xc16/bin/../support/PIC24H/gld \
  -LC:/Program Files/Microchip/MPLABX/v6.05/packs/Microchip/dsPIC33F-GP-MC_DFP/1.3.64/xc16/bin/../support/dsPIC33F/gld \
  -Lc:/program files/microchip/xc16/v2.00/bin/bin/../../lib \
  -Lc:/program files/microchip/xc16/v2.00/bin/bin/../../support/PIC24E/gld \
  -Lc:/program files/microchip/xc16/v2.00/bin/bin/../../support/PIC24F/gld \
  -Lc:/program files/microchip/xc16/v2.00/bin/bin/../../support/PIC24H/gld \
  -Lc:/program files/microchip/xc16/v2.00/bin/bin/../../support/dsPIC30F/gld \
  -Lc:/program files/microchip/xc16/v2.00/bin/bin/../../support/dsPIC33C/gld \
  -Lc:/program files/microchip/xc16/v2.00/bin/bin/../../support/dsPIC33E/gld \
  -Lc:/program files/microchip/xc16/v2.00/bin/bin/../../support/dsPIC33F/gld \
  build/default/debug/main.o \
  --defsym=__MPLAB_BUILD=1 \
  --defsym=__MPLAB_DEBUG=1 \
  --defsym=__DEBUG=1 \
  --defsym=__MPLAB_DEBUGGER_SIMULATOR=1 \
  -Tp33FJ32MC202.gld.00 \
  --stack=16 \
  --check-sections \
  --data-init \
  --pack-data \
  --handles \
  --isr \
  --no-gc-sections \
  --fill-upper=0 \
  --stackguard=16 \
  --no-force-link \
  --smart-io \
  -Map=dist/default/debug/Ejemplo7_Attribute.X.debug.map \
  --report-mem \
  --memorysummary \
  dist/default/debug/memoryfile.xml \
  -start-group \
  --library=c99-pic30-elf \
  --library=m-elf \
  --library=c99-elf \
  -end-group \


Optional library libp33FJ32MC202.a not found
Archive member included because of file (symbol)

c:/program files/microchip/xc16/v2.00/bin/bin/../../lib\libc99-pic30-elf.a(crt0_standard.o)
                              (__resetPRI)
c:/program files/microchip/xc16/v2.00/bin/bin/../../lib\libc99-pic30-elf.a(data_init_standard.o)
                              c:/program files/microchip/xc16/v2.00/bin/bin/../../lib\libc99-pic30-elf.a(crt0_standard.o) (__data_init_standard)
c:/program files/microchip/xc16/v2.00/bin/bin/../../lib\libc99-pic30-elf.a(crt_start_mode_normal.Meo)
                              (__crt_start_mode_normal)
c:/program files/microchip/xc16/v2.00/bin/bin/../../lib\libc99-elf.a(__sio_printf_dfosux.XX_o)
                              build/default/debug/main.o (__printf_cdfFnopsuxX)
c:/program files/microchip/xc16/v2.00/bin/bin/../../lib\libc99-elf.a(__sio_printf_doux.XX_o)
                              build/default/debug/main.o (__printf_cdnopuxX)
c:/program files/microchip/xc16/v2.00/bin/bin/../../lib\libc99-elf.a(stdout.XX_o)
                              c:/program files/microchip/xc16/v2.00/bin/bin/../../lib\libc99-elf.a(__sio_printf_dfosux.XX_o) (__stdout)
c:/program files/microchip/xc16/v2.00/bin/bin/../../lib\libc99-elf.a(__fmt_d.XX_o)
                              c:/program files/microchip/xc16/v2.00/bin/bin/../../lib\libc99-elf.a(__sio_printf_dfosux.XX_o) (___fmt_d_needed)
c:/program files/microchip/xc16/v2.00/bin/bin/../../lib\libc99-elf.a(__fmt_fp.XX_o)
                              c:/program files/microchip/xc16/v2.00/bin/bin/../../lib\libc99-elf.a(__sio_printf_dfosux.XX_o) (___fmt_f_needed)
c:/program files/microchip/xc16/v2.00/bin/bin/../../lib\libc99-elf.a(__fmt_o.XX_o)
                              c:/program files/microchip/xc16/v2.00/bin/bin/../../lib\libc99-elf.a(__sio_printf_dfosux.XX_o) (___fmt_o_needed)
c:/program files/microchip/xc16/v2.00/bin/bin/../../lib\libc99-elf.a(__fmt_s.XX_o)
                              c:/program files/microchip/xc16/v2.00/bin/bin/../../lib\libc99-elf.a(__sio_printf_dfosux.XX_o) (___fmt_s_needed)
c:/program files/microchip/xc16/v2.00/bin/bin/../../lib\libc99-elf.a(__fmt_u.XX_o)
                              c:/program files/microchip/xc16/v2.00/bin/bin/../../lib\libc99-elf.a(__fmt_d.XX_o) (___cvt_u)
c:/program files/microchip/xc16/v2.00/bin/bin/../../lib\libc99-elf.a(__fmt_x.XX_o)
                              c:/program files/microchip/xc16/v2.00/bin/bin/../../lib\libc99-elf.a(__sio_printf_dfosux.XX_o) (___fmt_x_needed)
c:/program files/microchip/xc16/v2.00/bin/bin/../../lib\libc99-elf.a(__int_vfprintf.XX_o)
                              c:/program files/microchip/xc16/v2.00/bin/bin/../../lib\libc99-elf.a(__sio_printf_dfosux.XX_o) (___vfprintf)
c:/program files/microchip/xc16/v2.00/bin/bin/../../lib\libc99-elf.a(__out.XX_o)
                              c:/program files/microchip/xc16/v2.00/bin/bin/../../lib\libc99-elf.a(stdout.XX_o) (___stdio_write_unbuffered)
c:/program files/microchip/xc16/v2.00/bin/bin/../../lib\libc99-elf.a(__printf_core.XX_o)
[...]
Memory Configuration

Name             Origin             Length             Attributes
data             0x000800           0x000800           a !xr
reset            0x000000           0x000004  
ivt              0x000004           0x0000fc  
_reserved        0x000100           0x000004  
aivt             0x000104           0x0000fc  
program          0x000200           0x005600           xr
FBS              0xf80000           0x000002  
FGS              0xf80004           0x000002  
FOSCSEL          0xf80006           0x000002  
FOSC             0xf80008           0x000002  
FWDT             0xf8000a           0x000002  
FPOR             0xf8000c           0x000002  
FICD             0xf8000e           0x000002  
FUID0            0xf80010           0x000002  
FUID1            0xf80012           0x000002  
FUID2            0xf80014           0x000002  
FUID3            0xf80016           0x000002  
*default*        0x000000           0xffffffff  

Linker script and memory map

LOAD build/default/debug/main.o
                    0x0001                  __MPLAB_BUILD = 0x1
                    0x0001                  __MPLAB_DEBUG = 0x1
                    0x0001                  __DEBUG = 0x1
                    0x0001                  __MPLAB_DEBUGGER_SIMULATOR = 0x1
LOAD p33FJ32MC202
LOAD c:/program files/microchip/xc16/v2.00/bin/bin/../../lib\libfx-elf.a
                    0xf80000                  __FBS = 0xf80000
                    0xf80004                  __FGS = 0xf80004
                    0xf80006                  __FOSCSEL = 0xf80006
                    0xf80008                  __FOSC = 0xf80008
                    0xf8000a                  __FWDT = 0xf8000a
                    0xf8000c                  __FPOR = 0xf8000c
                    0xf8000e                  __FICD = 0xf8000e
                    0xf80010                  __FUID0 = 0xf80010
                    0xf80012                  __FUID1 = 0xf80012
                    0xf80014                  __FUID2 = 0xf80014
                    0xf80016                  __FUID3 = 0xf80016
                    0x0001                  __NO_HANDLES = 0x1
                    0x0200                  __CODE_BASE = 0x200
                    0x5600                  __CODE_LENGTH = 0x5600
                    0x0004                  __IVT_BASE = 0x4
                    0x0104                  __AIVT_BASE = 0x104
                    0x0800                  __DATA_BASE = 0x800
                    0x0800                  __DATA_LENGTH = 0x800
                    0x0c00                  __YDATA_BASE = 0xc00

.reset            0x000000          0x4
                  0x000000          0x2 SHORT 0x200 ABSOLUTE (__reset)
                  0x000001          0x2 SHORT 0x4
                  0x000002          0x2 SHORT 0x0 ((ABSOLUTE (__reset) >> 0x10) & 0x7f)
                  0x000003          0x2 SHORT 0x0

.text             0x000200       0x1c2e
 *(.init)
 .init            0x000200         0x4c c:/program files/microchip/xc16/v2.00/bin/bin/../../lib\libc99-pic30-elf.a(crt0_standard.o)
                  0x000200                  __resetPRI
                  0x000200                  __reset
                  0x00023c                  __psv_init
 .init            0x00024c         0x7c c:/program files/microchip/xc16/v2.00/bin/bin/../../lib\libc99-pic30-elf.a(data_init_standard.o)
                  0x000252                  __data_init_standard
                  0x000252                  __data_init
 *(.user_init)
 *(.handle)
 *(.isr*)
 .isr             0x0002d4          0x4 default_isr
                  0x0002d4                  __DefaultInterrupt
 *(.libc)
 .libc            0x0002d8         0x1e c:/program files/microchip/xc16/v2.00/bin/bin/../../lib\libc99-pic30-elf.a(lseek.Meo)
                  0x0002d8                  _lseek
 .libc            0x0002f6         0x18 c:/program files/microchip/xc16/v2.00/bin/bin/../../lib\libc99-pic30-elf.a(close.Meo)
                  0x0002f6                  _close
 .libc            0x00030e         0x8a c:/program files/microchip/xc16/v2.00/bin/bin/../../lib\libc99-pic30-elf.a(write.Meo)
                  0x00030e                  _write
 *(.libm)
 *(.libdsp)
 *(.lib*)
 .libpic30_crt_start_mode
                  0x000398          0x2 c:/program files/microchip/xc16/v2.00/bin/bin/../../lib\libc99-pic30-elf.a(crt_start_mode_normal.Meo)
                  0x000398                  __crt_start_mode
                  0x000398                  __crt_start_mode_normal
 .libc.__wrap_printf
                  0x00039a         0x10 c:/program files/microchip/xc16/v2.00/bin/bin/../../lib\libc99-elf.a(__sio_printf_dfosux.XX_o)
                  0x00039a                  __dprintf_cdfFnopsuxX
                  0x00039a                  __dprintf_cdeEfFgGnopsuxX
                  0x00039a                  __dprintf_cdgGnopsuxX
                  0x00039a                  __dprintf_cdeEfFnopsuxX
                  0x00039a                  __dprintf_cdfFgGnopsuxX
                  0x00039a                  __printf_cdeEgGnopsuxX
                  0x00039a                  __printf_cdeEnopsuxX
                  0x00039a                  __printf_cdeEfFnopsuxX
                  0x00039a                  __printf_cdfFgGnopsuxX
                  0x00039a                  __dprintf_cdeEnopsuxX
                  0x00039a                  __printf_cdeEfFgGnopsuxX
                  0x00039a                  __printf_cdgGnopsuxX
                  0x00039a                  __dprintf_cdeEgGnopsuxX
                  0x00039a                  __printf_cdfFnopsuxX
 .libc.__sio_printf_dfosux
                  0x0003aa          0xc c:/program files/microchip/xc16/v2.00/bin/bin/../../lib\libc99-elf.a(__sio_printf_dfosux.XX_o)
                  0x0003aa                  ___sio_printf_dfosux
 .libc.__wrap_printf
                  0x0003b6         0x10 c:/program files/microchip/xc16/v2.00/bin/bin/../../lib\libc99-elf.a(__sio_printf_doux.XX_o)
                  0x0003b6                  __printf_cdnopuxX
                  0x0003b6                  __dprintf_cdnopuxX
 .libc.__sio_printf_doux
                  0x0003c6          0xa c:/program files/microchip/xc16/v2.00/bin/bin/../../lib\libc99-elf.a(__sio_printf_doux.XX_o)
                  0x0003c6                  ___sio_printf_doux
 .libc.__dummy0
                  0x0003d0          0x2 c:/program files/microchip/xc16/v2.00/bin/bin/../../lib\libc99-elf.a(stdout.XX_o)
                  0x0003d0                  ___stdio_seek
 .libc.__dummy    0x0003d2          0x4 c:/program files/microchip/xc16/v2.00/bin/bin/../../lib\libc99-elf.a(stdout.XX_o)
                  0x0003d2                  ___get_stdout
 .libc.__init_stdout
                  0x0003d6          0x8 c:/program files/microchip/xc16/v2.00/bin/bin/../../lib\libc99-elf.a(stdout.XX_o)
                  0x0003d6                  ___init_stdout
 .libc.__fmt_d    0x0003de         0xb2 c:/program files/microchip/xc16/v2.00/bin/bin/../../lib\libc99-elf.a(__fmt_d.XX_o)
                  0x0003de                  ___fmt_d
                  0x0003de                  ___fmt_d_needed
 .libc.__LONG_DOUBLE_BITS
                  0x000490          0x2 c:/program files/microchip/xc16/v2.00/bin/bin/../../lib\libc99-elf.a(__fmt_fp.XX_o)
 .libc.__fmt_fp
                  0x000492        0x544 c:/program files/microchip/xc16/v2.00/bin/bin/../../lib\libc99-elf.a(__fmt_fp.XX_o)
                  0x000492                  ___fmt_f_needed
                  0x000492                  ___fmt_fp
 .libc.__fmt_o    0x0009d6         0x6a c:/program files/microchip/xc16/v2.00/bin/bin/../../lib\libc99-elf.a(__fmt_o.XX_o)
                  0x0009d6                  ___fmt_o
                  0x0009d6                  ___fmt_o_needed
 .libc.__fmt_s    0x000a40         0x54 c:/program files/microchip/xc16/v2.00/bin/bin/../../lib\libc99-elf.a(__fmt_s.XX_o)
                  0x000a40                  ___fmt_0_needed
                  0x000a40                  ___fmt_s_needed
                  0x000a40                  ___fmt_s
 .libc.__cvt_u    0x000a94         0xa4 c:/program files/microchip/xc16/v2.00/bin/bin/../../lib\libc99-elf.a(__fmt_u.XX_o)
                  0x000a94                  ___cvt_u
 .libc.__fmt_u    0x000b38         0x52 c:/program files/microchip/xc16/v2.00/bin/bin/../../lib\libc99-elf.a(__fmt_u.XX_o)
                  0x000b38                  ___fmt_u
                  0x000b38                  ___fmt_u_needed
 .libc.__fmt_x    0x000b8a        0x14a c:/program files/microchip/xc16/v2.00/bin/bin/../../lib\libc99-elf.a(__fmt_x.XX_o)
                  0x000b8a                  ___fmt_x_needed
                  0x000b8a                  ___fmt_x
 .libc.__vfprintf
                  0x000cd4         0x1c c:/program files/microchip/xc16/v2.00/bin/bin/../../lib\libc99-elf.a(__int_vfprintf.XX_o)
                  0x000cd4                  ___vfprintf
 .libc.__string_out
                  0x000cf0         0x28 c:/program files/microchip/xc16/v2.00/bin/bin/../../lib\libc99-elf.a(__out.XX_o)
 .libc.__fwrite_min
                  0x000d18          0x4 c:/program files/microchip/xc16/v2.00/bin/bin/../../lib\libc99-elf.a(__out.XX_o)
                  0x000d18                  ___fwrite
                  0x000d18                  ___stdio_write
                  0x000d18                  ___stdio_write_unbuffered
 .libc.__out      0x000d1c         0x10 c:/program files/microchip/xc16/v2.00/bin/bin/../../lib\libc99-elf.a(__out.XX_o)
                  0x000d1c                  ___out_needed
                  0x000d1c                  ___out
 .libc.__string_out
                  0x000d2c         0x28 c:/program files/microchip/xc16/v2.00/bin/bin/../../lib\libc99-elf.a(__printf_core.XX_o)
 .libc.__pad      0x000d54         0x74 c:/program files/microchip/xc16/v2.00/bin/bin/../../lib\libc99-elf.a(__printf_core.XX_o)
                  0x000d54                  ___pad
 .libc.__dummy_fmt3
                  0x000dc8          0x2 c:/program files/microchip/xc16/v2.00/bin/bin/../../lib\libc99-elf.a(__printf_core.XX_o)
 .libc.__dummy_fmt4
                  0x000dca          0x2 c:/program files/microchip/xc16/v2.00/bin/bin/../../lib\libc99-elf.a(__printf_core.XX_o)
                  0x000dca                  ___fmt_a
 .libc.__dummy_fmts
                  0x000dcc          0x2 c:/program files/microchip/xc16/v2.00/bin/bin/../../lib\libc99-elf.a(__printf_core.XX_o)
 .libc.__fmt_state
                  0x000dce         0x2c c:/program files/microchip/xc16/v2.00/bin/bin/../../lib\libc99-elf.a(__printf_core.XX_o)
                  0x000dce                  ___fmt_state
 .libc.vfpfcnvrt.clone.0
                  0x000dfa        0x2c0 c:/program files/microchip/xc16/v2.00/bin/bin/../../lib\libc99-elf.a(__printf_core.XX_o)
 .libc.__printf_core
                  0x0010ba         0x40 c:/program files/microchip/xc16/v2.00/bin/bin/../../lib\libc99-elf.a(__printf_core.XX_o)
                  0x0010ba                  ___printf_core
 .libc.__stdio_close
                  0x0010fa         0x48 c:/program files/microchip/xc16/v2.00/bin/bin/../../lib\libc99-elf.a(__stdio_close.XX_o)
                  0x0010fa                  ___stdio_close
 .libc.__stdio_close_rw
                  0x001142         0x64 c:/program files/microchip/xc16/v2.00/bin/bin/../../lib\libc99-elf.a(__stdio_close.XX_o)
                  0x001142                  ___stdio_close_rw
 .libc.memcpy     0x0011a6          0xe c:/program files/microchip/xc16/v2.00/bin/bin/../../lib\libc99-elf.a(memcpy.XX_o)
                  0x0011a6                  _memcpy
 .libc.memset     0x0011b4         0xc6 c:/program files/microchip/xc16/v2.00/bin/bin/../../lib\libc99-elf.a(memset.XX_o)
                  0x0011b4                  _memset
 .libc.strlen     0x00127a         0x30 c:/program files/microchip/xc16/v2.00/bin/bin/../../lib\libc99-elf.a(strlen.XX_o)
                  0x00127a                  _strlen
 .libc.__isspace
                  0x0012aa         0x14 c:/program files/microchip/xc16/v2.00/bin/bin/../../lib\libc99-elf.a(atoi.XX_o)
 .libc.atoi       0x0012be         0x4c c:/program files/microchip/xc16/v2.00/bin/bin/../../lib\libc99-elf.a(atoi.XX_o)
                  0x0012be                  _atoi
 .libc.strcpy     0x00130a          0xe c:/program files/microchip/xc16/v2.00/bin/bin/../../lib\libc99-elf.a(strcpy.XX_o)
                  0x00130a                  _strcpy
 .libc.tolower    0x001318          0xc c:/program files/microchip/xc16/v2.00/bin/bin/../../lib\libc99-elf.a(tolower.XX_o)
                  0x001318                  _tolower
 .libc.__tolower_l
                  0x001324          0x2 c:/program files/microchip/xc16/v2.00/bin/bin/../../lib\libc99-elf.a(tolower.XX_o)
                  0x001324                  ___tolower_l
                  0x001324                  _tolower_l
 .libc.toupper    0x001326          0xc c:/program files/microchip/xc16/v2.00/bin/bin/../../lib\libc99-elf.a(toupper.XX_o)
                  0x001326                  _toupper
 .libc.__toupper_l
                  0x001332          0x2 c:/program files/microchip/xc16/v2.00/bin/bin/../../lib\libc99-elf.a(toupper.XX_o)
                  0x001332                  ___toupper_l
                  0x001332                  _toupper_l
 .libc.__pop_float
                  0x001334         0x3e c:/program files/microchip/xc16/v2.00/bin/bin/../../lib\libc99-elf.a(__pop_float.XX_lo)
                  0x001334                  ___pop_float
                  0x001334                  ___pop_float_needed
 .libc.__pop_int
                  0x001372         0xb2 c:/program files/microchip/xc16/v2.00/bin/bin/../../lib\libc99-elf.a(__pop_int.XX_lo)
                  0x001372                  ___pop_int
                  0x001372                  ___pop_int_needed
 .libc.__pop_ptr
                  0x001424         0x74 c:/program files/microchip/xc16/v2.00/bin/bin/../../lib\libc99-elf.a(__pop_ptr.XX_lo)
                  0x001424                  ___pop_ptr_needed
                  0x001424                  ___pop_ptr
 .libc.__dummy    0x001498          0x2 c:/program files/microchip/xc16/v2.00/bin/bin/../../lib\libc99-elf.a(__init_stdio.XX_o)
                  0x001498                  ___init_stderr
                  0x001498                  ___init_stdin
 .libc.__init_stdio
                  0x00149a          0x6 c:/program files/microchip/xc16/v2.00/bin/bin/../../lib\libc99-elf.a(__init_stdio.XX_o)
                  0x00149a                  ___init_stdio
                  0x00149a                  ___init_stdio_needed
 .libc.__stpcpy
                  0x0014a0         0x40 c:/program files/microchip/xc16/v2.00/bin/bin/../../lib\libc99-elf.a(stpcpy.XX_o)
                  0x0014a0                  ___stpcpy
                  0x0014a0                  _stpcpy
 .libm.eqdf2      0x0014e0          0xa c:/program files/microchip/xc16/v2.00/bin/bin/../../lib\libc99-pic30-elf.a(deqltle.XX_o)
                  0x0014e0                  ___eqdf2
                  0x0014e0                  ___ltdf2
                  0x0014e0                  ___ledf2
 .libm.extendsfdf2
                  0x0014ea         0x3e c:/program files/microchip/xc16/v2.00/bin/bin/../../lib\libc99-pic30-elf.a(extendsfdf.XX_o)
                  0x0014ea                  ___extendsfdf2
 .libm.fixdfsi    0x001528         0x58 c:/program files/microchip/xc16/v2.00/bin/bin/../../lib\libc99-pic30-elf.a(fixdfsi.XX_o)
                  0x001528                  _(float, int, long long, double, float, short, int)
 .libm.funpack    0x001580         0x2a c:/program files/microchip/xc16/v2.00/bin/bin/../../lib\libc99-pic30-elf.a(funpack.XX_o)
                  0x001580                  __funpack
 .libm.mulsi3     0x0015aa          0xc c:/program files/microchip/xc16/v2.00/bin/bin/../../lib\libc99-pic30-elf.a(mulsi3.XX_o)
                  0x0015aa                  ___mulp32peds3
                  0x0015aa                  ___mulsi3
                  0x0015aa                  ___mulp32eds3
 .lib_dpfops      0x0015b6         0xa2 c:/program files/microchip/xc16/v2.00/bin/bin/../../lib\libc99-pic30-elf.a(dpadd.XX_o)
                  0x0015b6                  ___subdf3
                  0x0015c2                  ___adddf3
 .lib_dpfops      0x001658        0x15e c:/program files/microchip/xc16/v2.00/bin/bin/../../lib\libc99-pic30-elf.a(dpdiv.XX_o)
                  0x001658                  ___divdf3
 .lib_dpfops      0x0017b6        0x11a c:/program files/microchip/xc16/v2.00/bin/bin/../../lib\libc99-pic30-elf.a(dpmul.XX_o)
                  0x0017b6                  ___muldf3
 .lib_dpfops      0x0018d0        0x128 c:/program files/microchip/xc16/v2.00/bin/bin/../../lib\libc99-pic30-elf.a(dpsubs.XX_o)
                  0x0018ea                  __dxchg
                  0x0018f8                  __drshft
                  0x001952                  __dupchk
                  0x0019b4                  __drndex
                  0x0019be                  __dnsrnd
                  0x0019ea                  __dpakex
 .libm.dcompare
                  0x0019f8         0x52 c:/program files/microchip/xc16/v2.00/bin/bin/../../lib\libc99-pic30-elf.a(dcompare.XX_o)
                  0x0019f8                  __dcompare
 .libm.dtype      0x001a4a         0x24 c:/program files/microchip/xc16/v2.00/bin/bin/../../lib\libc99-pic30-elf.a(dtype.XX_o)
                  0x001a4a                  __dtype
 .libm.dunpack    0x001a6e         0x4e c:/program files/microchip/xc16/v2.00/bin/bin/../../lib\libc99-pic30-elf.a(dunpack.XX_o)
                  0x001a6e                  __dunpack
 .libm.dunpack2
                  0x001abc         0x32 c:/program files/microchip/xc16/v2.00/bin/bin/../../lib\libc99-pic30-elf.a(dunpack2.XX_o)
                  0x001abc                  __dunpack2
                  0x001ade                  __dreturnNaN
                  0x001ae4                  __dunpack2exit
 .libm.dPropagateNaN
                  0x001aee         0x1c c:/program files/microchip/xc16/v2.00/bin/bin/../../lib\libc99-pic30-elf.a(dpropagateNaN.XX_o)
                  0x001aee                  __dPropagateNaN
 .libc.dolseek    0x001b0a          0x4 c:/program files/microchip/xc16/v2.00/bin/bin/../../lib\libc99-pic30-elf.a(lseek.Meo)
 .libc.doclose    0x001b0e          0x4 c:/program files/microchip/xc16/v2.00/bin/bin/../../lib\libc99-pic30-elf.a(close.Meo)
 .libc.dowrite    0x001b12          0x4 c:/program files/microchip/xc16/v2.00/bin/bin/../../lib\libc99-pic30-elf.a(write.Meo)
 .libm.__PplusBdi
                  0x001b16         0x26 c:/program files/microchip/xc16/v2.00/bin/bin/../../lib\libc99-pic30-elf.a(divmoddi3.XX_o)
 .libm.__PminusBdi
                  0x001b3c         0x26 c:/program files/microchip/xc16/v2.00/bin/bin/../../lib\libc99-pic30-elf.a(divmoddi3.XX_o)
 .libm.__udivmoddi3
                  0x001b62         0xf8 c:/program files/microchip/xc16/v2.00/bin/bin/../../lib\libc99-pic30-elf.a(divmoddi3.XX_o)
                  0x001b62                  ___udivmoddi3
 .libm.__udivdi3
                  0x001c5a          0xe c:/program files/microchip/xc16/v2.00/bin/bin/../../lib\libc99-pic30-elf.a(divmoddi3.XX_o)
                  0x001c5a                  ___udivdi3
 .libm.__umoddi3
                  0x001c68          0x8 c:/program files/microchip/xc16/v2.00/bin/bin/../../lib\libc99-pic30-elf.a(divmoddi3.XX_o)
                  0x001c68                  ___umoddi3
 .libm.__divdi3
                  0x001c70         0x60 c:/program files/microchip/xc16/v2.00/bin/bin/../../lib\libc99-pic30-elf.a(divmoddi3.XX_o)
                  0x001c70                  ___divdi3
 .libm.__moddi3
                  0x001cd0         0x5c c:/program files/microchip/xc16/v2.00/bin/bin/../../lib\libc99-pic30-elf.a(divmoddi3.XX_o)
                  0x001cd0                  ___moddi3
 .libc.floorl     0x001d2c         0xf8 c:/program files/microchip/xc16/v2.00/bin/bin/../../lib\libm-elf.a(floorl.XX_o)
                  0x001d2c                  _floorl
 .libm.gtdf2      0x001e24          0xa c:/program files/microchip/xc16/v2.00/bin/bin/../../lib\libc99-pic30-elf.a(dgtge.XX_o)
                  0x001e24                  ___gtdf2
                  0x001e24                  ___gedf2

usercode
 *(usercode)

__FBS
 *(__FBS.sec*)

__FGS
 *(__FGS.sec*)

__FOSCSEL
 *(__FOSCSEL.sec*)

__FOSC
 *(__FOSC.sec*)

__FWDT
 *(__FWDT.sec*)

__FPOR
 *(__FPOR.sec*)

__FICD
 *(__FICD.sec*)

__FUID0
 *(__FUID0.sec*)

__FUID1
 *(__FUID1.sec*)

__FUID2
 *(__FUID2.sec*)

__FUID3
 *(__FUID3.sec*)

.comment
 *(.comment)

.debug_info       0x000000        0xbcd
 *(.debug_info)
 .debug_info      0x000000        0x313 build/default/debug/main.o
 .debug_info      0x000313         0x8d c:/program files/microchip/xc16/v2.00/bin/bin/../../lib\libc99-pic30-elf.a(deqltle.XX_o)
 .debug_info      0x0003a0         0x90 c:/program files/microchip/xc16/v2.00/bin/bin/../../lib\libc99-pic30-elf.a(extendsfdf.XX_o)
 .debug_info      0x000430         0x8d c:/program files/microchip/xc16/v2.00/bin/bin/../../lib\libc99-pic30-elf.a(fixdfsi.XX_o)
 .debug_info      0x0004bd         0x8d c:/program files/microchip/xc16/v2.00/bin/bin/../../lib\libc99-pic30-elf.a(funpack.XX_o)
 .debug_info      0x00054a         0x8c c:/program files/microchip/xc16/v2.00/bin/bin/../../lib\libc99-pic30-elf.a(mulsi3.XX_o)
 .debug_info      0x0005d6         0xa9 c:/program files/microchip/xc16/v2.00/bin/bin/../../lib\libc99-pic30-elf.a(dpadd.XX_o)
 .debug_info      0x00067f         0xa9 c:/program files/microchip/xc16/v2.00/bin/bin/../../lib\libc99-pic30-elf.a(dpdiv.XX_o)
 .debug_info      0x000728         0xa9 c:/program files/microchip/xc16/v2.00/bin/bin/../../lib\libc99-pic30-elf.a(dpmul.XX_o)
 .debug_info      0x0007d1         0xaa c:/program files/microchip/xc16/v2.00/bin/bin/../../lib\libc99-pic30-elf.a(dpsubs.XX_o)
 .debug_info      0x00087b         0x8e c:/program files/microchip/xc16/v2.00/bin/bin/../../lib\libc99-pic30-elf.a(dcompare.XX_o)
 .debug_info      0x000909         0x8b c:/program files/microchip/xc16/v2.00/bin/bin/../../lib\libc99-pic30-elf.a(dtype.XX_o)
 .debug_info      0x000994         0x8d c:/program files/microchip/xc16/v2.00/bin/bin/../../lib\libc99-pic30-elf.a(dunpack.XX_o)
 .debug_info      0x000a21         0x8e c:/program files/microchip/xc16/v2.00/bin/bin/../../lib\libc99-pic30-elf.a(dunpack2.XX_o)
 .debug_info      0x000aaf         0x93 c:/program files/microchip/xc16/v2.00/bin/bin/../../lib\libc99-pic30-elf.a(dpropagateNaN.XX_o)
 .debug_info      0x000b42         0x8b c:/program files/microchip/xc16/v2.00/bin/bin/../../lib\libc99-pic30-elf.a(dgtge.XX_o)
 *(.gnu.linkonce.wi.*)

.debug_abbrev     0x000000        0x1fd
 *(.debug_abbrev)
 .debug_abbrev    0x000000         0xd1 build/default/debug/main.o
 .debug_abbrev    0x0000d1         0x14 c:/program files/microchip/xc16/v2.00/bin/bin/../../lib\libc99-pic30-elf.a(deqltle.XX_o)
 .debug_abbrev    0x0000e5         0x14 c:/program files/microchip/xc16/v2.00/bin/bin/../../lib\libc99-pic30-elf.a(extendsfdf.XX_o)
 .debug_abbrev    0x0000f9         0x14 c:/program files/microchip/xc16/v2.00/bin/bin/../../lib\libc99-pic30-elf.a(fixdfsi.XX_o)
 .debug_abbrev    0x00010d         0x14 c:/program files/microchip/xc16/v2.00/bin/bin/../../lib\libc99-pic30-elf.a(funpack.XX_o)
 .debug_abbrev    0x000121         0x14 c:/program files/microchip/xc16/v2.00/bin/bin/../../lib\libc99-pic30-elf.a(mulsi3.XX_o)
 .debug_abbrev    0x000135         0x14 c:/program files/microchip/xc16/v2.00/bin/bin/../../lib\libc99-pic30-elf.a(dpadd.XX_o)
 .debug_abbrev    0x000149         0x14 c:/program files/microchip/xc16/v2.00/bin/bin/../../lib\libc99-pic30-elf.a(dpdiv.XX_o)
 .debug_abbrev    0x00015d         0x14 c:/program files/microchip/xc16/v2.00/bin/bin/../../lib\libc99-pic30-elf.a(dpmul.XX_o)
 .debug_abbrev    0x000171         0x14 c:/program files/microchip/xc16/v2.00/bin/bin/../../lib\libc99-pic30-elf.a(dpsubs.XX_o)
 .debug_abbrev    0x000185         0x14 c:/program files/microchip/xc16/v2.00/bin/bin/../../lib\libc99-pic30-elf.a(dcompare.XX_o)
 .debug_abbrev    0x000199         0x14 c:/program files/microchip/xc16/v2.00/bin/bin/../../lib\libc99-pic30-elf.a(dtype.XX_o)
 .debug_abbrev    0x0001ad         0x14 c:/program files/microchip/xc16/v2.00/bin/bin/../../lib\libc99-pic30-elf.a(dunpack.XX_o)
 .debug_abbrev    0x0001c1         0x14 c:/program files/microchip/xc16/v2.00/bin/bin/../../lib\libc99-pic30-elf.a(dunpack2.XX_o)
 .debug_abbrev    0x0001d5         0x14 c:/program files/microchip/xc16/v2.00/bin/bin/../../lib\libc99-pic30-elf.a(dpropagateNaN.XX_o)
 .debug_abbrev    0x0001e9         0x14 c:/program files/microchip/xc16/v2.00/bin/bin/../../lib\libc99-pic30-elf.a(dgtge.XX_o)

.debug_line       0x000000        0x74d
 *(.debug_line)
 .debug_line      0x000000         0x99 build/default/debug/main.o
 .debug_line      0x000099         0x3a c:/program files/microchip/xc16/v2.00/bin/bin/../../lib\libc99-pic30-elf.a(deqltle.XX_o)
 .debug_line      0x0000d3         0x59 c:/program files/microchip/xc16/v2.00/bin/bin/../../lib\libc99-pic30-elf.a(extendsfdf.XX_o)
 .debug_line      0x00012c         0x61 c:/program files/microchip/xc16/v2.00/bin/bin/../../lib\libc99-pic30-elf.a(fixdfsi.XX_o)
 .debug_line      0x00018d         0x4a c:/program files/microchip/xc16/v2.00/bin/bin/../../lib\libc99-pic30-elf.a(funpack.XX_o)
 .debug_line      0x0001d7         0x3a c:/program files/microchip/xc16/v2.00/bin/bin/../../lib\libc99-pic30-elf.a(mulsi3.XX_o)
 .debug_line      0x000211         0xa2 c:/program files/microchip/xc16/v2.00/bin/bin/../../lib\libc99-pic30-elf.a(dpadd.XX_o)
 .debug_line      0x0002b3        0x100 c:/program files/microchip/xc16/v2.00/bin/bin/../../lib\libc99-pic30-elf.a(dpdiv.XX_o)
 .debug_line      0x0003b3         0xde c:/program files/microchip/xc16/v2.00/bin/bin/../../lib\libc99-pic30-elf.a(dpmul.XX_o)
 .debug_line      0x000491         0xe8 c:/program files/microchip/xc16/v2.00/bin/bin/../../lib\libc99-pic30-elf.a(dpsubs.XX_o)
 .debug_line      0x000579         0x5f c:/program files/microchip/xc16/v2.00/bin/bin/../../lib\libc99-pic30-elf.a(dcompare.XX_o)
 .debug_line      0x0005d8         0x45 c:/program files/microchip/xc16/v2.00/bin/bin/../../lib\libc99-pic30-elf.a(dtype.XX_o)
 .debug_line      0x00061d         0x5c c:/program files/microchip/xc16/v2.00/bin/bin/../../lib\libc99-pic30-elf.a(dunpack.XX_o)
 .debug_line      0x000679         0x53 c:/program files/microchip/xc16/v2.00/bin/bin/../../lib\libc99-pic30-elf.a(dunpack2.XX_o)
 .debug_line      0x0006cc         0x49 c:/program files/microchip/xc16/v2.00/bin/bin/../../lib\libc99-pic30-elf.a(dpropagateNaN.XX_o)
 .debug_line      0x000715         0x38 c:/program files/microchip/xc16/v2.00/bin/bin/../../lib\libc99-pic30-elf.a(dgtge.XX_o)

.debug_frame      0x000000         0x80
 *(.debug_frame)
 .debug_frame     0x000000         0x80 build/default/debug/main.o

.debug_str        0x000000         0x20
 *(.debug_str)
 .debug_str       0x000000         0x20 build/default/debug/main.o

.debug_loc
 *(.debug_loc)

.debug_macinfo
 *(.debug_macinfo)

.debug_pubnames
                  0x000000         0x87
 *(.debug_pubnames)
 .debug_pubnames
                  0x000000         0x87 build/default/debug/main.o

.debug_ranges
 *(.debug_ranges)

.debug_aranges    0x000000        0x180
 *(.debug_aranges)
 .debug_aranges
                  0x000000         0x18 build/default/debug/main.o
 .debug_aranges
                  0x000018         0x18 c:/program files/microchip/xc16/v2.00/bin/bin/../../lib\libc99-pic30-elf.a(deqltle.XX_o)
 .debug_aranges
                  0x000030         0x18 c:/program files/microchip/xc16/v2.00/bin/bin/../../lib\libc99-pic30-elf.a(extendsfdf.XX_o)
 .debug_aranges
                  0x000048         0x18 c:/program files/microchip/xc16/v2.00/bin/bin/../../lib\libc99-pic30-elf.a(fixdfsi.XX_o)
 .debug_aranges
                  0x000060         0x18 c:/program files/microchip/xc16/v2.00/bin/bin/../../lib\libc99-pic30-elf.a(funpack.XX_o)
 .debug_aranges
                  0x000078         0x18 c:/program files/microchip/xc16/v2.00/bin/bin/../../lib\libc99-pic30-elf.a(mulsi3.XX_o)
 .debug_aranges
                  0x000090         0x18 c:/program files/microchip/xc16/v2.00/bin/bin/../../lib\libc99-pic30-elf.a(dpadd.XX_o)
 .debug_aranges
                  0x0000a8         0x18 c:/program files/microchip/xc16/v2.00/bin/bin/../../lib\libc99-pic30-elf.a(dpdiv.XX_o)
 .debug_aranges
                  0x0000c0         0x18 c:/program files/microchip/xc16/v2.00/bin/bin/../../lib\libc99-pic30-elf.a(dpmul.XX_o)
 .debug_aranges
                  0x0000d8         0x18 c:/program files/microchip/xc16/v2.00/bin/bin/../../lib\libc99-pic30-elf.a(dpsubs.XX_o)
 .debug_aranges
                  0x0000f0         0x18 c:/program files/microchip/xc16/v2.00/bin/bin/../../lib\libc99-pic30-elf.a(dcompare.XX_o)
 .debug_aranges
                  0x000108         0x18 c:/program files/microchip/xc16/v2.00/bin/bin/../../lib\libc99-pic30-elf.a(dtype.XX_o)
 .debug_aranges
                  0x000120         0x18 c:/program files/microchip/xc16/v2.00/bin/bin/../../lib\libc99-pic30-elf.a(dunpack.XX_o)
 .debug_aranges
                  0x000138         0x18 c:/program files/microchip/xc16/v2.00/bin/bin/../../lib\libc99-pic30-elf.a(dunpack2.XX_o)
 .debug_aranges
                  0x000150         0x18 c:/program files/microchip/xc16/v2.00/bin/bin/../../lib\libc99-pic30-elf.a(dpropagateNaN.XX_o)
 .debug_aranges
                  0x000168         0x18 c:/program files/microchip/xc16/v2.00/bin/bin/../../lib\libc99-pic30-elf.a(dgtge.XX_o)
                    0x0000                  WREG0 = 0x0
                    0x0000                  _WREG0 = 0x0
                    0x0002                  WREG1 = 0x2
                    0x0002                  _WREG1 = 0x2
                    0x0004                  WREG2 = 0x4
                    0x0004                  _WREG2 = 0x4
                    0x0006                  WREG3 = 0x6
                    0x0006                  _WREG3 = 0x6
                    0x0008                  WREG4 = 0x8
                    0x0008                  _WREG4 = 0x8
                    0x000a                  WREG5 = 0xa
                    0x000a                  _WREG5 = 0xa
                    0x000c                  WREG6 = 0xc
                    0x000c                  _WREG6 = 0xc
                    0x000e                  WREG7 = 0xe
                    0x000e                  _WREG7 = 0xe
                    0x0010                  WREG8 = 0x10
                    0x0010                  _WREG8 = 0x10
                    0x0012                  WREG9 = 0x12
                    0x0012                  _WREG9 = 0x12
                    0x0014                  WREG10 = 0x14
                    0x0014                  _WREG10 = 0x14
                    0x0016                  WREG11 = 0x16
                    0x0016                  _WREG11 = 0x16
                    0x0018                  WREG12 = 0x18
                    0x0018                  _WREG12 = 0x18
                    0x001a                  WREG13 = 0x1a
                    0x001a                  _WREG13 = 0x1a
                    0x001c                  WREG14 = 0x1c
                    0x001c                  _WREG14 = 0x1c
                    0x001e                  WREG15 = 0x1e
                    0x001e                  _WREG15 = 0x1e
                    0x0020                  SPLIM = 0x20
                    0x0020                  _SPLIM = 0x20
                    0x0022                  ACCAL = 0x22
                    0x0022                  _ACCAL = 0x22
                    0x0024                  ACCAH = 0x24
                    0x0024                  _ACCAH = 0x24
                    0x0026                  ACCAU = 0x26
                    0x0026                  _ACCAU = 0x26
                    0x0028                  ACCBL = 0x28
                    0x0028                  _ACCBL = 0x28
                    0x002a                  ACCBH = 0x2a
                    0x002a                  _ACCBH = 0x2a
                    0x002c                  ACCBU = 0x2c
                    0x002c                  _ACCBU = 0x2c
                    0x002e                  PCL = 0x2e
                    0x002e                  _PCL = 0x2e
                    0x0030                  PCH = 0x30
                    0x0030                  _PCH = 0x30
                    0x0032                  TBLPAG = 0x32
                    0x0032                  _TBLPAG = 0x32
                    0x0034                  PSVPAG = 0x34
                    0x0034                  _PSVPAG = 0x34
                    0x0036                  RCOUNT = 0x36
                    0x0036                  _RCOUNT = 0x36
                    0x0038                  DCOUNT = 0x38
                    0x0038                  _DCOUNT = 0x38
                    0x003a                  DOSTARTL = 0x3a
                    0x003a                  _DOSTARTL = 0x3a
                    0x003c                  DOSTARTH = 0x3c
                    0x003c                  _DOSTARTH = 0x3c
                    0x003e                  DOENDL = 0x3e
                    0x003e                  _DOENDL = 0x3e
                    0x0040                  DOENDH = 0x40
                    0x0040                  _DOENDH = 0x40
                    0x0042                  SR = 0x42
                    0x0042                  _SR = 0x42
                    0x0042                  _SRbits = 0x42
                    0x0044                  CORCON = 0x44
                    0x0044                  _CORCON = 0x44
                    0x0044                  _CORCONbits = 0x44
                    0x0046                  MODCON = 0x46
                    0x0046                  _MODCON = 0x46
                    0x0046                  _MODCONbits = 0x46
                    0x0048                  XMODSRT = 0x48
                    0x0048                  _XMODSRT = 0x48
                    0x004a                  XMODEND = 0x4a
                    0x004a                  _XMODEND = 0x4a
                    0x004c                  YMODSRT = 0x4c
                    0x004c                  _YMODSRT = 0x4c
                    0x004e                  YMODEND = 0x4e
                    0x004e                  _YMODEND = 0x4e
                    0x0050                  XBREV = 0x50
                    0x0050                  _XBREV = 0x50
                    0x0050                  _XBREVbits = 0x50
                    0x0052                  DISICNT = 0x52
                    0x0052                  _DISICNT = 0x52
                    0x0060                  CNEN1 = 0x60
                    0x0060                  _CNEN1 = 0x60
                    0x0060                  _CNEN1bits = 0x60
                    0x0062                  CNEN2 = 0x62
                    0x0062                  _CNEN2 = 0x62
                    0x0062                  _CNEN2bits = 0x62
                    0x0068                  CNPU1 = 0x68
                    0x0068                  _CNPU1 = 0x68
                    0x0068                  _CNPU1bits = 0x68
                    0x006a                  CNPU2 = 0x6a
                    0x006a                  _CNPU2 = 0x6a
                    0x006a                  _CNPU2bits = 0x6a
                    0x0080                  INTCON1 = 0x80
                    0x0080                  _INTCON1 = 0x80
                    0x0080                  _INTCON1bits = 0x80
                    0x0082                  INTCON2 = 0x82
                    0x0082                  _INTCON2 = 0x82
                    0x0082                  _INTCON2bits = 0x82
                    0x0084                  IFS0 = 0x84
                    0x0084                  _IFS0 = 0x84
                    0x0084                  _IFS0bits = 0x84
                    0x0086                  IFS1 = 0x86
                    0x0086                  _IFS1 = 0x86
                    0x0086                  _IFS1bits = 0x86
                    0x008a                  IFS3 = 0x8a
                    0x008a                  _IFS3 = 0x8a
                    0x008a                  _IFS3bits = 0x8a
                    0x008c                  IFS4 = 0x8c
                    0x008c                  _IFS4 = 0x8c
                    0x008c                  _IFS4bits = 0x8c
                    0x0094                  IEC0 = 0x94
                    0x0094                  _IEC0 = 0x94
                    0x0094                  _IEC0bits = 0x94
                    0x0096                  IEC1 = 0x96
                    0x0096                  _IEC1 = 0x96
                    0x0096                  _IEC1bits = 0x96
                    0x009a                  IEC3 = 0x9a
                    0x009a                  _IEC3 = 0x9a
                    0x009a                  _IEC3bits = 0x9a
                    0x009c                  IEC4 = 0x9c
                    0x009c                  _IEC4 = 0x9c
                    0x009c                  _IEC4bits = 0x9c
                    0x00a4                  IPC0 = 0xa4
                    0x00a4                  _IPC0 = 0xa4
                    0x00a4                  _IPC0bits = 0xa4
                    0x00a6                  IPC1 = 0xa6
                    0x00a6                  _IPC1 = 0xa6
                    0x00a6                  _IPC1bits = 0xa6
                    0x00a8                  IPC2 = 0xa8
                    0x00a8                  _IPC2 = 0xa8
                    0x00a8                  _IPC2bits = 0xa8
                    0x00aa                  IPC3 = 0xaa
                    0x00aa                  _IPC3 = 0xaa
                    0x00aa                  _IPC3bits = 0xaa
                    0x00ac                  IPC4 = 0xac
                    0x00ac                  _IPC4 = 0xac
                    0x00ac                  _IPC4bits = 0xac
                    0x00ae                  IPC5 = 0xae
                    0x00ae                  _IPC5 = 0xae
                    0x00ae                  _IPC5bits = 0xae
                    0x00b2                  IPC7 = 0xb2
                    0x00b2                  _IPC7 = 0xb2
                    0x00b2                  _IPC7bits = 0xb2
                    0x00c0                  IPC14 = 0xc0
                    0x00c0                  _IPC14 = 0xc0
                    0x00c0                  _IPC14bits = 0xc0
                    0x00c2                  IPC15 = 0xc2
                    0x00c2                  _IPC15 = 0xc2
                    0x00c2                  _IPC15bits = 0xc2
                    0x00c4                  IPC16 = 0xc4
                    0x00c4                  _IPC16 = 0xc4
                    0x00c4                  _IPC16bits = 0xc4
                    0x00c8                  IPC18 = 0xc8
                    0x00c8                  _IPC18 = 0xc8
                    0x00c8                  _IPC18bits = 0xc8
                    0x00e0                  INTTREG = 0xe0
                    0x00e0                  _INTTREG = 0xe0
                    0x00e0                  _INTTREGbits = 0xe0
                    0x0100                  TMR1 = 0x100
                    0x0100                  _TMR1 = 0x100
                    0x0102                  PR1 = 0x102
                    0x0102                  _PR1 = 0x102
                    0x0104                  T1CON = 0x104
                    0x0104                  _T1CON = 0x104
                    0x0104                  _T1CONbits = 0x104
                    0x0106                  TMR2 = 0x106
                    0x0106                  _TMR2 = 0x106
                    0x0108                  TMR3HLD = 0x108
                    0x0108                  _TMR3HLD = 0x108
                    0x010a                  TMR3 = 0x10a
                    0x010a                  _TMR3 = 0x10a
                    0x010c                  PR2 = 0x10c
                    0x010c                  _PR2 = 0x10c
                    0x010e                  PR3 = 0x10e
                    0x010e                  _PR3 = 0x10e
                    0x0110                  T2CON = 0x110
                    0x0110                  _T2CON = 0x110
                    0x0110                  _T2CONbits = 0x110
                    0x0112                  T3CON = 0x112
                    0x0112                  _T3CON = 0x112
                    0x0112                  _T3CONbits = 0x112
                    0x0140                  IC1BUF = 0x140
                    0x0140                  _IC1BUF = 0x140
                    0x0142                  IC1CON = 0x142
                    0x0142                  _IC1CON = 0x142
                    0x0142                  _IC1CONbits = 0x142
                    0x0144                  IC2BUF = 0x144
                    0x0144                  _IC2BUF = 0x144
                    0x0146                  IC2CON = 0x146
                    0x0146                  _IC2CON = 0x146
                    0x0146                  _IC2CONbits = 0x146
                    0x0158                  IC7BUF = 0x158
                    0x0158                  _IC7BUF = 0x158
                    0x015a                  IC7CON = 0x15a
                    0x015a                  _IC7CON = 0x15a
                    0x015a                  _IC7CONbits = 0x15a
                    0x015c                  IC8BUF = 0x15c
                    0x015c                  _IC8BUF = 0x15c
                    0x015e                  IC8CON = 0x15e
                    0x015e                  _IC8CON = 0x15e
                    0x015e                  _IC8CONbits = 0x15e
                    0x0180                  OC1RS = 0x180
                    0x0180                  _OC1RS = 0x180
                    0x0182                  OC1R = 0x182
                    0x0182                  _OC1R = 0x182
                    0x0184                  OC1CON = 0x184
                    0x0184                  _OC1CON = 0x184
                    0x0184                  _OC1CONbits = 0x184
                    0x0186                  OC2RS = 0x186
                    0x0186                  _OC2RS = 0x186
                    0x0188                  OC2R = 0x188
                    0x0188                  _OC2R = 0x188
                    0x018a                  OC2CON = 0x18a
                    0x018a                  _OC2CON = 0x18a
                    0x018a                  _OC2CONbits = 0x18a
                    0x01c0                  P1TCON = 0x1c0
                    0x01c0                  _P1TCON = 0x1c0
                    0x01c0                  _P1TCONbits = 0x1c0
                    0x01c0                  PTCON = 0x1c0
                    0x01c0                  _PTCON = 0x1c0
                    0x01c0                  _PTCONbits = 0x1c0
                    0x01c2                  P1TMR = 0x1c2
                    0x01c2                  _P1TMR = 0x1c2
                    0x01c2                  _P1TMRbits = 0x1c2
                    0x01c2                  PTMR = 0x1c2
                    0x01c2                  _PTMR = 0x1c2
                    0x01c2                  _PTMRbits = 0x1c2
                    0x01c4                  P1TPER = 0x1c4
                    0x01c4                  _P1TPER = 0x1c4
                    0x01c4                  _P1TPERbits = 0x1c4
                    0x01c4                  PTPER = 0x1c4
                    0x01c4                  _PTPER = 0x1c4
                    0x01c4                  _PTPERbits = 0x1c4
                    0x01c6                  P1SECMP = 0x1c6
                    0x01c6                  _P1SECMP = 0x1c6
                    0x01c6                  _P1SECMPbits = 0x1c6
                    0x01c6                  SEVTCMP = 0x1c6
                    0x01c6                  _SEVTCMP = 0x1c6
                    0x01c6                  _SEVTCMPbits = 0x1c6
                    0x01c8                  PWM1CON1 = 0x1c8
                    0x01c8                  _PWM1CON1 = 0x1c8
                    0x01c8                  _PWM1CON1bits = 0x1c8
                    0x01c8                  PWMCON1 = 0x1c8
                    0x01c8                  _PWMCON1 = 0x1c8
                    0x01c8                  _PWMCON1bits = 0x1c8
                    0x01ca                  PWM1CON2 = 0x1ca
                    0x01ca                  _PWM1CON2 = 0x1ca
                    0x01ca                  _PWM1CON2bits = 0x1ca
                    0x01ca                  PWMCON2 = 0x1ca
                    0x01ca                  _PWMCON2 = 0x1ca
                    0x01ca                  _PWMCON2bits = 0x1ca
                    0x01cc                  DTCON1 = 0x1cc
                    0x01cc                  _DTCON1 = 0x1cc
                    0x01cc                  _DTCON1bits = 0x1cc
                    0x01cc                  P1DTCON1 = 0x1cc
                    0x01cc                  _P1DTCON1 = 0x1cc
                    0x01cc                  _P1DTCON1bits = 0x1cc
                    0x01ce                  DTCON2 = 0x1ce
                    0x01ce                  _DTCON2 = 0x1ce
                    0x01ce                  _DTCON2bits = 0x1ce
                    0x01ce                  P1DTCON2 = 0x1ce
                    0x01ce                  _P1DTCON2 = 0x1ce
                    0x01ce                  _P1DTCON2bits = 0x1ce
                    0x01d0                  FLTACON = 0x1d0
                    0x01d0                  _FLTACON = 0x1d0
                    0x01d0                  _FLTACONbits = 0x1d0
                    0x01d0                  P1FLTACON = 0x1d0
                    0x01d0                  _P1FLTACON = 0x1d0
                    0x01d0                  _P1FLTACONbits = 0x1d0
                    0x01d4                  OVDCON = 0x1d4
                    0x01d4                  _OVDCON = 0x1d4
                    0x01d4                  _OVDCONbits = 0x1d4
                    0x01d4                  P1OVDCON = 0x1d4
                    0x01d4                  _P1OVDCON = 0x1d4
                    0x01d4                  _P1OVDCONbits = 0x1d4
                    0x01d6                  P1DC1 = 0x1d6
                    0x01d6                  _P1DC1 = 0x1d6
                    0x01d6                  PDC1 = 0x1d6
                    0x01d6                  _PDC1 = 0x1d6
                    0x01d8                  P1DC2 = 0x1d8
                    0x01d8                  _P1DC2 = 0x1d8
                    0x01d8                  PDC2 = 0x1d8
                    0x01d8                  _PDC2 = 0x1d8
                    0x01da                  P1DC3 = 0x1da
                    0x01da                  _P1DC3 = 0x1da
                    0x01da                  PDC3 = 0x1da
                    0x01da                  _PDC3 = 0x1da
                    0x01e0                  QEI1CON = 0x1e0
                    0x01e0                  _QEI1CON = 0x1e0
                    0x01e0                  _QEI1CONbits = 0x1e0
                    0x01e0                  QEICON = 0x1e0
                    0x01e0                  _QEICON = 0x1e0
                    0x01e0                  _QEICONbits = 0x1e0
                    0x01e2                  DFLT1CON = 0x1e2
                    0x01e2                  _DFLT1CON = 0x1e2
                    0x01e2                  _DFLT1CONbits = 0x1e2
                    0x01e2                  DFLTCON = 0x1e2
                    0x01e2                  _DFLTCON = 0x1e2
                    0x01e2                  _DFLTCONbits = 0x1e2
                    0x01e4                  POS1CNT = 0x1e4
                    0x01e4                  _POS1CNT = 0x1e4
                    0x01e4                  POSCNT = 0x1e4
                    0x01e4                  _POSCNT = 0x1e4
                    0x01e6                  MAX1CNT = 0x1e6
                    0x01e6                  _MAX1CNT = 0x1e6
                    0x01e6                  MAXCNT = 0x1e6
                    0x01e6                  _MAXCNT = 0x1e6
                    0x0200                  I2C1RCV = 0x200
                    0x0200                  _I2C1RCV = 0x200
                    0x0200                  I2CRCV = 0x200
                    0x0200                  _I2CRCV = 0x200
                    0x0202                  I2C1TRN = 0x202
                    0x0202                  _I2C1TRN = 0x202
                    0x0202                  I2CTRN = 0x202
                    0x0202                  _I2CTRN = 0x202
                    0x0204                  I2C1BRG = 0x204
                    0x0204                  _I2C1BRG = 0x204
                    0x0206                  I2C1CON = 0x206
                    0x0206                  _I2C1CON = 0x206
                    0x0206                  _I2C1CONbits = 0x206
                    0x0206                  I2CCON = 0x206
                    0x0206                  _I2CCON = 0x206
                    0x0206                  _I2CCONbits = 0x206
                    0x0208                  I2C1STAT = 0x208
                    0x0208                  _I2C1STAT = 0x208
                    0x0208                  _I2C1STATbits = 0x208
                    0x0208                  I2CSTAT = 0x208
                    0x0208                  _I2CSTAT = 0x208
                    0x0208                  _I2CSTATbits = 0x208
                    0x020a                  I2C1ADD = 0x20a
                    0x020a                  _I2C1ADD = 0x20a
                    0x020a                  I2CADD = 0x20a
                    0x020a                  _I2CADD = 0x20a
                    0x020c                  I2C1MSK = 0x20c
                    0x020c                  _I2C1MSK = 0x20c
                    0x0220                  U1MODE = 0x220
                    0x0220                  _U1MODE = 0x220
                    0x0220                  _U1MODEbits = 0x220
                    0x0222                  U1STA = 0x222
                    0x0222                  _U1STA = 0x222
                    0x0222                  _U1STAbits = 0x222
                    0x0224                  U1TXREG = 0x224
                    0x0224                  _U1TXREG = 0x224
                    0x0224                  _U1TXREGbits = 0x224
                    0x0226                  U1RXREG = 0x226
                    0x0226                  _U1RXREG = 0x226
                    0x0226                  _U1RXREGbits = 0x226
                    0x0228                  U1BRG = 0x228
                    0x0228                  _U1BRG = 0x228
                    0x0240                  SPI1STAT = 0x240
                    0x0240                  _SPI1STAT = 0x240
                    0x0240                  _SPI1STATbits = 0x240
                    0x0242                  SPI1CON1 = 0x242
                    0x0242                  _SPI1CON1 = 0x242
                    0x0242                  _SPI1CON1bits = 0x242
                    0x0244                  SPI1CON2 = 0x244
                    0x0244                  _SPI1CON2 = 0x244
                    0x0244                  _SPI1CON2bits = 0x244
                    0x0248                  SPI1BUF = 0x248
                    0x0248                  _SPI1BUF = 0x248
                    0x02c0                  TRISA = 0x2c0
                    0x02c0                  _TRISA = 0x2c0
                    0x02c0                  _TRISAbits = 0x2c0
                    0x02c2                  PORTA = 0x2c2
                    0x02c2                  _PORTA = 0x2c2
                    0x02c2                  _PORTAbits = 0x2c2
                    0x02c4                  LATA = 0x2c4
                    0x02c4                  _LATA = 0x2c4
                    0x02c4                  _LATAbits = 0x2c4
                    0x02c6                  ODCA = 0x2c6
                    0x02c6                  _ODCA = 0x2c6
                    0x02c6                  _ODCAbits = 0x2c6
                    0x02c8                  TRISB = 0x2c8
                    0x02c8                  _TRISB = 0x2c8
                    0x02c8                  _TRISBbits = 0x2c8
                    0x02ca                  PORTB = 0x2ca
                    0x02ca                  _PORTB = 0x2ca
                    0x02ca                  _PORTBbits = 0x2ca
                    0x02cc                  LATB = 0x2cc
                    0x02cc                  _LATB = 0x2cc
                    0x02cc                  _LATBbits = 0x2cc
                    0x02ce                  ODCB = 0x2ce
                    0x02ce                  _ODCB = 0x2ce
                    0x02ce                  _ODCBbits = 0x2ce
                    0x0300                  ADC1BUF0 = 0x300
                    0x0300                  _ADC1BUF0 = 0x300
                    0x0300                  ADCBUF0 = 0x300
                    0x0300                  _ADCBUF0 = 0x300
                    0x0302                  ADC1BUF1 = 0x302
                    0x0302                  _ADC1BUF1 = 0x302
                    0x0302                  ADCBUF1 = 0x302
                    0x0302                  _ADCBUF1 = 0x302
                    0x0304                  ADC1BUF2 = 0x304
                    0x0304                  _ADC1BUF2 = 0x304
                    0x0304                  ADCBUF2 = 0x304
                    0x0304                  _ADCBUF2 = 0x304
                    0x0306                  ADC1BUF3 = 0x306
                    0x0306                  _ADC1BUF3 = 0x306
                    0x0306                  ADCBUF3 = 0x306
                    0x0306                  _ADCBUF3 = 0x306
                    0x0308                  ADC1BUF4 = 0x308
                    0x0308                  _ADC1BUF4 = 0x308
                    0x0308                  ADCBUF4 = 0x308
                    0x0308                  _ADCBUF4 = 0x308
                    0x030a                  ADC1BUF5 = 0x30a
                    0x030a                  _ADC1BUF5 = 0x30a
                    0x030a                  ADCBUF5 = 0x30a
                    0x030a                  _ADCBUF5 = 0x30a
                    0x030c                  ADC1BUF6 = 0x30c
                    0x030c                  _ADC1BUF6 = 0x30c
                    0x030c                  ADCBUF6 = 0x30c
                    0x030c                  _ADCBUF6 = 0x30c
                    0x030e                  ADC1BUF7 = 0x30e
                    0x030e                  _ADC1BUF7 = 0x30e
                    0x030e                  ADCBUF7 = 0x30e
                    0x030e                  _ADCBUF7 = 0x30e
                    0x0310                  ADC1BUF8 = 0x310
                    0x0310                  _ADC1BUF8 = 0x310
                    0x0310                  ADCBUF8 = 0x310
                    0x0310                  _ADCBUF8 = 0x310
                    0x0312                  ADC1BUF9 = 0x312
                    0x0312                  _ADC1BUF9 = 0x312
                    0x0312                  ADCBUF9 = 0x312
                    0x0312                  _ADCBUF9 = 0x312
                    0x0314                  ADC1BUFA = 0x314
                    0x0314                  _ADC1BUFA = 0x314
                    0x0314                  ADCBUFA = 0x314
                    0x0314                  _ADCBUFA = 0x314
                    0x0316                  ADC1BUFB = 0x316
                    0x0316                  _ADC1BUFB = 0x316
                    0x0316                  ADCBUFB = 0x316
                    0x0316                  _ADCBUFB = 0x316
                    0x0318                  ADC1BUFC = 0x318
                    0x0318                  _ADC1BUFC = 0x318
                    0x0318                  ADCBUFC = 0x318
                    0x0318                  _ADCBUFC = 0x318
                    0x031a                  ADC1BUFD = 0x31a
                    0x031a                  _ADC1BUFD = 0x31a
                    0x031a                  ADCBUFD = 0x31a
                    0x031a                  _ADCBUFD = 0x31a
                    0x031c                  ADC1BUFE = 0x31c
                    0x031c                  _ADC1BUFE = 0x31c
                    0x031c                  ADCBUFE = 0x31c
                    0x031c                  _ADCBUFE = 0x31c
                    0x031e                  ADC1BUFF = 0x31e
                    0x031e                  _ADC1BUFF = 0x31e
                    0x031e                  ADCBUFF = 0x31e
                    0x031e                  _ADCBUFF = 0x31e
                    0x0320                  AD1CON1 = 0x320
                    0x0320                  _AD1CON1 = 0x320
                    0x0320                  _AD1CON1bits = 0x320
                    0x0322                  AD1CON2 = 0x322
                    0x0322                  _AD1CON2 = 0x322
                    0x0322                  _AD1CON2bits = 0x322
                    0x0324                  AD1CON3 = 0x324
                    0x0324                  _AD1CON3 = 0x324
                    0x0324                  _AD1CON3bits = 0x324
                    0x0326                  AD1CHS123 = 0x326
                    0x0326                  _AD1CHS123 = 0x326
                    0x0326                  _AD1CHS123bits = 0x326
                    0x0328                  AD1CHS0 = 0x328
                    0x0328                  _AD1CHS0 = 0x328
                    0x0328                  _AD1CHS0bits = 0x328
                    0x032c                  AD1PCFGL = 0x32c
                    0x032c                  _AD1PCFGL = 0x32c
                    0x032c                  _AD1PCFGLbits = 0x32c
                    0x032c                  ADPCFG = 0x32c
                    0x032c                  _ADPCFG = 0x32c
                    0x032c                  _ADPCFGbits = 0x32c
                    0x0330                  AD1CSSL = 0x330
                    0x0330                  _AD1CSSL = 0x330
                    0x0330                  _AD1CSSLbits = 0x330
                    0x05c0                  P2TCON = 0x5c0
                    0x05c0                  _P2TCON = 0x5c0
                    0x05c0                  _P2TCONbits = 0x5c0
                    0x05c2                  P2TMR = 0x5c2
                    0x05c2                  _P2TMR = 0x5c2
                    0x05c2                  _P2TMRbits = 0x5c2
                    0x05c4                  P2TPER = 0x5c4
                    0x05c4                  _P2TPER = 0x5c4
                    0x05c4                  _P2TPERbits = 0x5c4
                    0x05c6                  P2SECMP = 0x5c6
                    0x05c6                  _P2SECMP = 0x5c6
                    0x05c6                  _P2SECMPbits = 0x5c6
                    0x05c8                  PWM2CON1 = 0x5c8
                    0x05c8                  _PWM2CON1 = 0x5c8
                    0x05c8                  _PWM2CON1bits = 0x5c8
                    0x05ca                  PWM2CON2 = 0x5ca
                    0x05ca                  _PWM2CON2 = 0x5ca
                    0x05ca                  _PWM2CON2bits = 0x5ca
                    0x05cc                  P2DTCON1 = 0x5cc
                    0x05cc                  _P2DTCON1 = 0x5cc
                    0x05cc                  _P2DTCON1bits = 0x5cc
                    0x05ce                  P2DTCON2 = 0x5ce
                    0x05ce                  _P2DTCON2 = 0x5ce
                    0x05ce                  _P2DTCON2bits = 0x5ce
                    0x05d0                  P2FLTACON = 0x5d0
                    0x05d0                  _P2FLTACON = 0x5d0
                    0x05d0                  _P2FLTACONbits = 0x5d0
                    0x05d4                  P2OVDCON = 0x5d4
                    0x05d4                  _P2OVDCON = 0x5d4
                    0x05d4                  _P2OVDCONbits = 0x5d4
                    0x05d6                  P2DC1 = 0x5d6
                    0x05d6                  _P2DC1 = 0x5d6
                    0x0680                  RPINR0 = 0x680
                    0x0680                  _RPINR0 = 0x680
                    0x0680                  _RPINR0bits = 0x680
                    0x0682                  RPINR1 = 0x682
                    0x0682                  _RPINR1 = 0x682
                    0x0682                  _RPINR1bits = 0x682
                    0x0686                  RPINR3 = 0x686
                    0x0686                  _RPINR3 = 0x686
                    0x0686                  _RPINR3bits = 0x686
                    0x068e                  RPINR7 = 0x68e
                    0x068e                  _RPINR7 = 0x68e
                    0x068e                  _RPINR7bits = 0x68e
                    0x0694                  RPINR10 = 0x694
                    0x0694                  _RPINR10 = 0x694
                    0x0694                  _RPINR10bits = 0x694
                    0x0696                  RPINR11 = 0x696
                    0x0696                  _RPINR11 = 0x696
                    0x0696                  _RPINR11bits = 0x696
                    0x0698                  RPINR12 = 0x698
                    0x0698                  _RPINR12 = 0x698
                    0x0698                  _RPINR12bits = 0x698
                    0x069a                  RPINR13 = 0x69a
                    0x069a                  _RPINR13 = 0x69a
                    0x069a                  _RPINR13bits = 0x69a
                    0x069c                  RPINR14 = 0x69c
                    0x069c                  _RPINR14 = 0x69c
                    0x069c                  _RPINR14bits = 0x69c
                    0x069e                  RPINR15 = 0x69e
                    0x069e                  _RPINR15 = 0x69e
                    0x069e                  _RPINR15bits = 0x69e
                    0x06a4                  RPINR18 = 0x6a4
                    0x06a4                  _RPINR18 = 0x6a4
                    0x06a4                  _RPINR18bits = 0x6a4
                    0x06a8                  RPINR20 = 0x6a8
                    0x06a8                  _RPINR20 = 0x6a8
                    0x06a8                  _RPINR20bits = 0x6a8
                    0x06aa                  RPINR21 = 0x6aa
                    0x06aa                  _RPINR21 = 0x6aa
                    0x06aa                  _RPINR21bits = 0x6aa
                    0x06c0                  RPOR0 = 0x6c0
                    0x06c0                  _RPOR0 = 0x6c0
                    0x06c0                  _RPOR0bits = 0x6c0
                    0x06c2                  RPOR1 = 0x6c2
                    0x06c2                  _RPOR1 = 0x6c2
                    0x06c2                  _RPOR1bits = 0x6c2
                    0x06c4                  RPOR2 = 0x6c4
                    0x06c4                  _RPOR2 = 0x6c4
                    0x06c4                  _RPOR2bits = 0x6c4
                    0x06c6                  RPOR3 = 0x6c6
                    0x06c6                  _RPOR3 = 0x6c6
                    0x06c6                  _RPOR3bits = 0x6c6
                    0x06c8                  RPOR4 = 0x6c8
                    0x06c8                  _RPOR4 = 0x6c8
                    0x06c8                  _RPOR4bits = 0x6c8
                    0x06ca                  RPOR5 = 0x6ca
                    0x06ca                  _RPOR5 = 0x6ca
                    0x06ca                  _RPOR5bits = 0x6ca
                    0x06cc                  RPOR6 = 0x6cc
                    0x06cc                  _RPOR6 = 0x6cc
                    0x06cc                  _RPOR6bits = 0x6cc
                    0x06ce                  RPOR7 = 0x6ce
                    0x06ce                  _RPOR7 = 0x6ce
                    0x06ce                  _RPOR7bits = 0x6ce
                    0x0740                  RCON = 0x740
                    0x0740                  _RCON = 0x740
                    0x0740                  _RCONbits = 0x740
                    0x0742                  OSCCON = 0x742
                    0x0742                  _OSCCON = 0x742
                    0x0742                  _OSCCONbits = 0x742
                    0x0742                  OSCCONL = 0x742
                    0x0742                  _OSCCONL = 0x742
                    0x0743                  OSCCONH = 0x743
                    0x0743                  _OSCCONH = 0x743
                    0x0744                  CLKDIV = 0x744
                    0x0744                  _CLKDIV = 0x744
                    0x0744                  _CLKDIVbits = 0x744
                    0x0746                  PLLFBD = 0x746
                    0x0746                  _PLLFBD = 0x746
                    0x0746                  _PLLFBDbits = 0x746
                    0x0748                  OSCTUN = 0x748
                    0x0748                  _OSCTUN = 0x748
                    0x0748                  _OSCTUNbits = 0x748
                    0x0760                  NVMCON = 0x760
                    0x0760                  _NVMCON = 0x760
                    0x0760                  _NVMCONbits = 0x760
                    0x0766                  NVMKEY = 0x766
                    0x0766                  _NVMKEY = 0x766
                    0x0770                  PMD1 = 0x770
                    0x0770                  _PMD1 = 0x770
                    0x0770                  _PMD1bits = 0x770
                    0x0772                  PMD2 = 0x772
                    0x0772                  _PMD2 = 0x772
                    0x0772                  _PMD2bits = 0x772
                    0x0774                  PMD3 = 0x774
                    0x0774                  _PMD3 = 0x774
                    0x0774                  _PMD3bits = 0x774
                    0x0022                  ACCA = 0x22
                    0x0022                  _ACCA = 0x22
                    0x0028                  ACCB = 0x28
                    0x0028                  _ACCB = 0x28
                    0x0140                  IC1 = 0x140
                    0x0140                  _IC1 = 0x140
                    0x0144                  IC2 = 0x144
                    0x0144                  _IC2 = 0x144
                    0x0158                  IC7 = 0x158
                    0x0158                  _IC7 = 0x158
                    0x015c                  IC8 = 0x15c
                    0x015c                  _IC8 = 0x15c
                    0x0180                  OC1 = 0x180
                    0x0180                  _OC1 = 0x180
                    0x0186                  OC2 = 0x186
                    0x0186                  _OC2 = 0x186
                    0x0240                  SPI1 = 0x240
                    0x0240                  _SPI1 = 0x240
                    0x0220                  UART1 = 0x220
                    0x0220                  _UART1 = 0x220
START GROUP
LOAD c:/program files/microchip/xc16/v2.00/bin/bin/../../lib\libc99-pic30-elf.a
LOAD c:/program files/microchip/xc16/v2.00/bin/bin/../../lib\libm-elf.a
LOAD c:/program files/microchip/xc16/v2.00/bin/bin/../../lib\libc99-elf.a
END GROUP
OUTPUT(dist/default/debug/Ejemplo7_Attribute.X.debug.elf elf32-pic30)
LOAD jump_table
LOAD default_isr
LOAD data_init

.debug_pubtypes
                  0x000180         0x2b
 .debug_pubtypes
                  0x000180         0x2b build/default/debug/main.o

__c30_signature
                  0x0001ab        0x138
 __c30_signature
                  0x0001ab          0x6 build/default/debug/main.o
 __c30_signature
                  0x0001b1          0x6 c:/program files/microchip/xc16/v2.00/bin/bin/../../lib\libc99-pic30-elf.a(crt0_standard.o)
 __c30_signature
                  0x0001b7          0x6 c:/program files/microchip/xc16/v2.00/bin/bin/../../lib\libc99-pic30-elf.a(data_init_standard.o)
 __c30_signature
                  0x0001bd          0x6 c:/program files/microchip/xc16/v2.00/bin/bin/../../lib\libc99-elf.a(__sio_printf_dfosux.XX_o)
 __c30_signature
                  0x0001c3          0x6 c:/program files/microchip/xc16/v2.00/bin/bin/../../lib\libc99-elf.a(__sio_printf_doux.XX_o)
 __c30_signature
                  0x0001c9          0x6 c:/program files/microchip/xc16/v2.00/bin/bin/../../lib\libc99-elf.a(stdout.XX_o)
 __c30_signature
                  0x0001cf          0x6 c:/program files/microchip/xc16/v2.00/bin/bin/../../lib\libc99-elf.a(__fmt_d.XX_o)
 __c30_signature
                  0x0001d5          0x6 c:/program files/microchip/xc16/v2.00/bin/bin/../../lib\libc99-elf.a(__fmt_fp.XX_o)
 __c30_signature
                  0x0001db          0x6 c:/program files/microchip/xc16/v2.00/bin/bin/../../lib\libc99-elf.a(__fmt_o.XX_o)
 __c30_signature
                  0x0001e1          0x6 c:/program files/microchip/xc16/v2.00/bin/bin/../../lib\libc99-elf.a(__fmt_s.XX_o)
 __c30_signature
                  0x0001e7          0x6 c:/program files/microchip/xc16/v2.00/bin/bin/../../lib\libc99-elf.a(__fmt_u.XX_o)
 __c30_signature
                  0x0001ed          0x6 c:/program files/microchip/xc16/v2.00/bin/bin/../../lib\libc99-elf.a(__fmt_x.XX_o)
 __c30_signature
                  0x0001f3          0x6 c:/program files/microchip/xc16/v2.00/bin/bin/../../lib\libc99-elf.a(__int_vfprintf.XX_o)
 __c30_signature
                  0x0001f9          0x6 c:/program files/microchip/xc16/v2.00/bin/bin/../../lib\libc99-elf.a(__out.XX_o)
 __c30_signature
                  0x0001ff          0x6 c:/program files/microchip/xc16/v2.00/bin/bin/../../lib\libc99-elf.a(__printf_core.XX_o)
 __c30_signature
                  0x000205          0x6 c:/program files/microchip/xc16/v2.00/bin/bin/../../lib\libc99-elf.a(__stdio_close.XX_o)
 __c30_signature
                  0x00020b          0x6 c:/program files/microchip/xc16/v2.00/bin/bin/../../lib\libc99-elf.a(memcpy.XX_o)
 __c30_signature
                  0x000211          0x6 c:/program files/microchip/xc16/v2.00/bin/bin/../../lib\libc99-elf.a(memset.XX_o)
 __c30_signature
                  0x000217          0x6 c:/program files/microchip/xc16/v2.00/bin/bin/../../lib\libc99-elf.a(strlen.XX_o)
 __c30_signature
                  0x00021d          0x6 c:/program files/microchip/xc16/v2.00/bin/bin/../../lib\libc99-elf.a(__io_init_needed.XX_o)
 __c30_signature
                  0x000223          0x6 c:/program files/microchip/xc16/v2.00/bin/bin/../../lib\libc99-elf.a(atoi.XX_o)
 __c30_signature
                  0x000229          0x6 c:/program files/microchip/xc16/v2.00/bin/bin/../../lib\libc99-elf.a(strcpy.XX_o)
 __c30_signature
                  0x00022f          0x6 c:/program files/microchip/xc16/v2.00/bin/bin/../../lib\libc99-elf.a(tolower.XX_o)
 __c30_signature
                  0x000235          0x6 c:/program files/microchip/xc16/v2.00/bin/bin/../../lib\libc99-elf.a(toupper.XX_o)
 __c30_signature
                  0x00023b          0x6 c:/program files/microchip/xc16/v2.00/bin/bin/../../lib\libc99-elf.a(__errno_location.XX_lo)
 __c30_signature
                  0x000241          0x6 c:/program files/microchip/xc16/v2.00/bin/bin/../../lib\libc99-elf.a(__pop_float.XX_lo)
 __c30_signature
                  0x000247          0x6 c:/program files/microchip/xc16/v2.00/bin/bin/../../lib\libc99-elf.a(__pop_int.XX_lo)
 __c30_signature
                  0x00024d          0x6 c:/program files/microchip/xc16/v2.00/bin/bin/../../lib\libc99-elf.a(__pop_ptr.XX_lo)
 __c30_signature
                  0x000253          0x6 c:/program files/microchip/xc16/v2.00/bin/bin/../../lib\libc99-elf.a(__init_stdio.XX_o)
 __c30_signature
                  0x000259          0x6 c:/program files/microchip/xc16/v2.00/bin/bin/../../lib\libc99-elf.a(__io_file_needed.XX_o)
 __c30_signature
                  0x00025f          0x6 c:/program files/microchip/xc16/v2.00/bin/bin/../../lib\libc99-elf.a(stpcpy.XX_o)
 __c30_signature
                  0x000265          0x6 c:/program files/microchip/xc16/v2.00/bin/bin/../../lib\libc99-pic30-elf.a(deqltle.XX_o)
 __c30_signature
                  0x00026b          0x6 c:/program files/microchip/xc16/v2.00/bin/bin/../../lib\libc99-pic30-elf.a(extendsfdf.XX_o)
 __c30_signature
                  0x000271          0x6 c:/program files/microchip/xc16/v2.00/bin/bin/../../lib\libc99-pic30-elf.a(fixdfsi.XX_o)
 __c30_signature
                  0x000277          0x6 c:/program files/microchip/xc16/v2.00/bin/bin/../../lib\libc99-pic30-elf.a(funpack.XX_o)
 __c30_signature
                  0x00027d          0x6 c:/program files/microchip/xc16/v2.00/bin/bin/../../lib\libc99-pic30-elf.a(mulsi3.XX_o)
 __c30_signature
                  0x000283          0x6 c:/program files/microchip/xc16/v2.00/bin/bin/../../lib\libc99-pic30-elf.a(dpadd.XX_o)
 __c30_signature
                  0x000289          0x6 c:/program files/microchip/xc16/v2.00/bin/bin/../../lib\libc99-pic30-elf.a(dpdiv.XX_o)
 __c30_signature
                  0x00028f          0x6 c:/program files/microchip/xc16/v2.00/bin/bin/../../lib\libc99-pic30-elf.a(dpmul.XX_o)
 __c30_signature
                  0x000295          0x6 c:/program files/microchip/xc16/v2.00/bin/bin/../../lib\libc99-pic30-elf.a(dpsubs.XX_o)
 __c30_signature
                  0x00029b          0x6 c:/program files/microchip/xc16/v2.00/bin/bin/../../lib\libc99-pic30-elf.a(dcompare.XX_o)
 __c30_signature
                  0x0002a1          0x6 c:/program files/microchip/xc16/v2.00/bin/bin/../../lib\libc99-pic30-elf.a(dtype.XX_o)
 __c30_signature
                  0x0002a7          0x6 c:/program files/microchip/xc16/v2.00/bin/bin/../../lib\libc99-pic30-elf.a(dunpack.XX_o)
 __c30_signature
                  0x0002ad          0x6 c:/program files/microchip/xc16/v2.00/bin/bin/../../lib\libc99-pic30-elf.a(dunpack2.XX_o)
 __c30_signature
                  0x0002b3          0x6 c:/program files/microchip/xc16/v2.00/bin/bin/../../lib\libc99-pic30-elf.a(dpropagateNaN.XX_o)
 __c30_signature
                  0x0002b9          0x6 c:/program files/microchip/xc16/v2.00/bin/bin/../../lib\libc99-pic30-elf.a(lseek.Meo)
 __c30_signature
                  0x0002bf          0x6 c:/program files/microchip/xc16/v2.00/bin/bin/../../lib\libc99-pic30-elf.a(close.Meo)
 __c30_signature
                  0x0002c5          0x6 c:/program files/microchip/xc16/v2.00/bin/bin/../../lib\libc99-pic30-elf.a(write.Meo)
 __c30_signature
                  0x0002cb          0x6 c:/program files/microchip/xc16/v2.00/bin/bin/../../lib\libc99-pic30-elf.a(divmoddi3.XX_o)
 __c30_signature
                  0x0002d1          0x6 c:/program files/microchip/xc16/v2.00/bin/bin/../../lib\libc99-pic30-elf.a(c30_uart.Meo)
 __c30_signature
                  0x0002d7          0x6 c:/program files/microchip/xc16/v2.00/bin/bin/../../lib\libm-elf.a(floorl.XX_o)
 __c30_signature
                  0x0002dd          0x6 c:/program files/microchip/xc16/v2.00/bin/bin/../../lib\libc99-pic30-elf.a(dgtge.XX_o)

__xc_reference_data
                  0x001e2e          0x8
 __xc_reference_data
                  0x001e2e          0x2 c:/program files/microchip/xc16/v2.00/bin/bin/../../lib\libc99-elf.a(stdout.XX_o)
                  0x001e2e                  ___stdout_needs_init
 __xc_reference_data
                  0x001e30          0x4 c:/program files/microchip/xc16/v2.00/bin/bin/../../lib\libc99-elf.a(__io_init_needed.XX_o)
                  0x001e30                  ___io_init_needed
                  0x001e32                  ___io_init_needs_file
 __xc_reference_data
                  0x001e34          0x2 c:/program files/microchip/xc16/v2.00/bin/bin/../../lib\libc99-elf.a(__io_file_needed.XX_o)
                  0x001e34                  ___io_file_needed

.ndata              0x0800        0x3c2
 .ndata             0x0800        0x3c2 build/default/debug/main.o
                    0x0800                  _dato_sine

_0000000003F4A46063e307e2
                    0x0ff4          0xc
 _0000000003F4A46063e307e2
                    0x0ff4          0xc build/default/debug/main.o
                    0x0ff4                  _var4

_0000000003F4A5A063e307e2
                    0x0bc2          0xa
 _0000000003F4A5A063e307e2
                    0x0bc2          0xa build/default/debug/main.o
                    0x0bc2                  _X_memory_buffer

_0000000003F4A64063e307e2
                    0x0fea          0xa
 _0000000003F4A64063e307e2
                    0x0fea          0xa build/default/debug/main.o
                    0x0fea                  _Y_memory_buffer

_0000000003F4A3C063e307e2
                    0x0bcc          0x4
 _0000000003F4A3C063e307e2
                    0x0bcc          0x4 build/default/debug/main.o
                    0x0bcc                  _var3

_0000000003F4A28063e307e2
                    0x0bd0          0x2
 _0000000003F4A28063e307e2
                    0x0bd0          0x2 build/default/debug/main.o
                    0x0bd0                  _var1

_0000000003F4A32063e307e2
                    0x0fe8          0x2
 _0000000003F4A32063e307e2
                    0x0fe8          0x2 build/default/debug/main.o
                    0x0fe8                  _var2

.nbss               0x0bd2          0x2
 .nbss              0x0bd2          0x2 build/default/debug/main.o
                    0x0bd2                  _i

.data               0x0bd4         0x6e
 .data              0x0bd4         0x42 c:/program files/microchip/xc16/v2.00/bin/bin/../../lib\libc99-elf.a(stdout.XX_o)
                    0x0bd4                  __stdout
                    0x0bd6                  ___stdout_used
 .data              0x0c16         0x1c c:/program files/microchip/xc16/v2.00/bin/bin/../../lib\libc99-elf.a(__printf_core.XX_o)
 .data              0x0c32         0x10 c:/program files/microchip/xc16/v2.00/bin/bin/../../lib\libc99-elf.a(__fmt_fp.XX_o)

.bss                0x0c42          0x2
 .bss               0x0c42          0x2 c:/program files/microchip/xc16/v2.00/bin/bin/../../lib\libc99-elf.a(__errno_location.XX_lo)
                    0x0c42                  ___errno_val

.data               0x0c44          0x2
 .data              0x0c44          0x2 c:/program files/microchip/xc16/v2.00/bin/bin/../../lib\libc99-pic30-elf.a(c30_uart.Meo)
                    0x0c44                  ___C30_UART

.const              0x9e2e        0x106 load address 0x001e2e  
 .const             0x9e2e        0x106 build/default/debug/main.o

.dinit            0x001f34        0x340
 .dinit           0x001f34        0x340 data_init

.text             0x002274         0xde
 .text            0x002274         0xde build/default/debug/main.o
                  0x002274                  _main
                  0x00230c                  _Ejemplo
